Test Summary: 02/16/2023 17:35:54
-----------------------
mu:        chars          total: 2        failed: 0        aborted: 0       
mu:        compile        total: 7        failed: 0        aborted: 0       
mu:        core           total: 33       failed: 0        aborted: 0       
mu:        lists          total: 22       failed: 0        aborted: 0       
mu:        namespace      total: 14       failed: 0        aborted: 0       
mu:        numbers        total: 34       failed: 0        aborted: 0       
mu:        reader         total: 46       failed: 0        aborted: 0       
mu:        special-forms  total: 11       failed: 0        aborted: 0       
mu:        streams        total: 10       failed: 0        aborted: 0       
mu:        structs        total: 7        failed: 0        aborted: 0       
mu:        symbols        total: 10       failed: 0        aborted: 0       
mu:        vectors        total: 23       failed: 0        aborted: 0       
-----------------------
mu:        passed: 219    total: 219      failed: 0        aborted: 0         

core:      closures       total: 14       failed: 7        aborted: 6       
core:      compile        total: 29       failed: 6        aborted: 16      
core:      core           total: 22       failed: 0        aborted: 0       
core:      exceptions     total: 7        failed: 0        aborted: 0       
core:      format         total: 12       failed: 0        aborted: 0       
core:      lambda         total: 42       failed: 24       aborted: 3       
core:      lists          total: 76       failed: 0        aborted: 1       
core:      macro          total: 9        failed: 1        aborted: 2       
core:      read           total: 9        failed: 7        aborted: 0       
core:      sequences      total: 3        failed: 0        aborted: 0       
core:      streams        total: 23       failed: 0        aborted: 0       
core:      strings        total: 16       failed: 0        aborted: 0       
core:      vectors        total: 13       failed: 0        aborted: 0       
-----------------------
core:      passed: 202    total: 275      failed: 45       aborted: 28        

